[INFO] Scanning for projects...
[INFO] 
[INFO] --------------------< com.lawfirm:lawfirm-backend >---------------------
[INFO] Building Law Firm Case Management System 1.0.0
[INFO]   from pom.xml
[INFO] --------------------------------[ jar ]---------------------------------
[INFO] 
[INFO] --- resources:3.2.0:resources (default-resources) @ lawfirm-backend ---
[INFO] Using 'UTF-8' encoding to copy filtered resources.
[INFO] Using 'UTF-8' encoding to copy filtered properties files.
[INFO] Copying 2 resources
[INFO] Copying 2 resources
[INFO] 
[INFO] --- compiler:3.10.1:compile (default-compile) @ lawfirm-backend ---
[INFO] Changes detected - recompiling the module!
[INFO] Compiling 274 source files to D:\ZGAI\backend\target\classes
[INFO] /D:/ZGAI/backend/src/main/java/com/lawfirm/service/StatisticsService.java: D:\ZGAI\backend\src\main\java\com\lawfirm\service\StatisticsService.java使用或覆盖了已过时的 API。
[INFO] /D:/ZGAI/backend/src/main/java/com/lawfirm/service/StatisticsService.java: 有关详细信息, 请使用 -Xlint:deprecation 重新编译。
[INFO] /D:/ZGAI/backend/src/main/java/com/lawfirm/service/LlmExtractService.java: 某些输入文件使用了未经检查或不安全的操作。
[INFO] /D:/ZGAI/backend/src/main/java/com/lawfirm/service/LlmExtractService.java: 有关详细信息, 请使用 -Xlint:unchecked 重新编译。
[INFO] ------------------------------------------------------------------------
[INFO] BUILD SUCCESS
[INFO] ------------------------------------------------------------------------
[INFO] Total time:  5.283 s
[INFO] Finished at: 2026-04-19T03:02:33+08:00
[INFO] ------------------------------------------------------------------------
